// Jest Snapshot v1, https://goo.gl/fbAQLP

exports[`matches snapshot 1`] = `
<DocumentFragment>
  <div>
    <div
      class="EditableTodo"
    >
      <div
        class="mb-3"
      >
        <div
          class="float-end text-sm-end"
        >
          <button
            class="EditableTodo-toggle btn-link btn btn-sm"
          >
            Edit
          </button>
          <button
            class="EditableTodo-delBtn btn-link btn btn-sm text-danger"
          >
            Del
          </button>
        </div>
        <div
          class="Todo"
          id="1"
        >
          <div>
            <b>
              Test1
            </b>
             
            <small>
              Priority: 1
            </small>
          </div>
          <div>
            <small>
              test1
            </small>
          </div>
        </div>
      </div>
    </div>
    <div
      class="EditableTodo"
    >
      <div
        class="mb-3"
      >
        <div
          class="float-end text-sm-end"
        >
          <button
            class="EditableTodo-toggle btn-link btn btn-sm"
          >
            Edit
          </button>
          <button
            class="EditableTodo-delBtn btn-link btn btn-sm text-danger"
          >
            Del
          </button>
        </div>
        <div
          class="Todo"
          id="2"
        >
          <div>
            <b>
              Test2
            </b>
             
            <small>
              Priority: 2
            </small>
          </div>
          <div>
            <small>
              test2
            </small>
          </div>
        </div>
      </div>
    </div>
  </div>
</DocumentFragment>
`;
